// Jest Snapshot v1, https://goo.gl/fbAQLP

exports[`Navbar should match snapshot 1`] = `
<div>
  <div
    class="navbar"
  >
    Navbar
  </div>
</div>
`;
